{"logTime": "0731/035753", "correlationVector":"FWO2fjgCp+9uDMX43BFcvn.1","action":"SyncServerConnectionManagerRequest", "result":"SYNC_SERVER_OK", "context":{"environment":"Prod_southeastasia_prod-s01-064-apac-southeastasia", "migrationStage":"NotStarted", "server":"akswtt00200000o"}}
{"logTime": "0731/035753", "correlationVector":"FWO2fjgCp+9uDMX43BFcvn.2","action":"ProcessGetUpdates", "result":"Done", "context":{"dataType":"Encryption Keys", "deleted":"0", "process_failed_to_decrypt":"0", "process_pending_decryption":"0", "process_success":"1", "total":"1"}}
{"logTime": "0731/035755", "correlationVector":"AGW00oLZzGwO+rbql2pjZv","action":"SyncServerConnectionManagerRequest", "result":"SYNC_SERVER_OK", "context":{"environment":"", "migrationStage":"", "server":""}}
{"logTime": "0731/035755", "correlationVector":"AGW00oLZzGwO+rbql2pjZv.0","action":"EncryptionKeysFetcher.DownloadKeys:", "result":"Success", "context":Key count: 9, Last key timestamp: 2026-06-25T16:19:04Z}
{"logTime": "0731/035755", "correlationVector":"AGW00oLZzGwO+rbql2pjZv.1","action":"EncryptionKeysManager::SetEncryptionKeys:", "result":"Success", "context":Key names[9]:[T+B67cMeYwDCDGeqY00yQtPlCi0cxymYae8ToTlxJgkrpPP1hN+oWzYOfvhBJFKSNxeU0rT2VBKvzb5gUbe2XA==][dojQMFg+tv1EapR84XIA3Dr+Nx5RMgOqZAV63sjhxNIY0/dC2BnTfn51EQWjx0tRbPl/VbU3KVz2ySWyt4NDfg==][E7juvab6KkR3tQf9/XHRCjFsssbXlRO/ZUeNO8u+WKUcmnZtHoGv33f8l91Eidv4x9l1V/ead23IW2Jdh2ijzw==][ESRd88rxCoHICf0RVJouF30DqaOfR6oJ4JLnOQgsLLqh1Zz+XCfrlQkovEM53tkCLWhIsnO0meNiz4F/y+c/Fw==][njDjidWMdG5bqOLt6kg/rHycz+mOglukY6D7r5ysJrXSXFt9naIddsfGUNncuo909mA99FBe8JEJb7miLV6RbQ==][hwO1mB1HO68K3jSV72+wrt/qXHUXtJJrvcLXU+NO5WAxXvOTQZgxQrN8dP7q2GAax0SsTOQmHC/BvTnFnY0csQ==][0nuxY87hlvm2hhJyfylWPEjGP4hsjIiH799HkwtZRTQjEtls+0CGseBg04VXc3b6AX7gldvlEiNRytue/7L2LA==][lxTwSACRMcCnCvWIeaY9anD9PRuqn6gi/NflGIm2qkBi5NBhd4JqOFER5gSkVAL8EWkkJLn4ibw4r5UJGHHLqw==][XnDKQTdCejXODkLxCNJBwXHlYzg2rqGoZqttxx+cNQMDcd8VTGL9Q9fVxsEsIKMkwsC1qTYEuBBkg53+oqoUlw==]}
{"logTime": "0731/035755", "correlationVector":"AGW00oLZzGwO+rbql2pjZv.2","action":"EncryptionKeysManager::SetEncryptionKeysWithTimestamps:", "result":"Success", "context":Key timestamps[9]:[2021-10-04T09:16:43Z][2022-09-04T15:53:59Z][2023-06-28T19:19:45Z][2024-01-03T13:50:42Z][2024-07-01T14:09:23Z][2024-12-28T17:33:41Z][2025-06-27T17:26:19Z][2025-12-25T18:12:24Z][2026-06-25T16:19:04Z]}
{"logTime": "0731/035755", "correlationVector":"FWO2fjgCp+9uDMX43BFcvn","action":"Initial GetUpdates", "result":"", "context":Reason: NEW_CLIENT. cV=FWO2fjgCp+9uDMX43BFcvn}
{"logTime": "0731/035755", "correlationVector":"FWO2fjgCp+9uDMX43BFcvn.3","action":"GetUpdates Response", "result":"Success", "context":Received 1 update(s). cV=FWO2fjgCp+9uDMX43BFcvn.0;server=akswtt00200000o;cloudType=Consumer;environment=Prod_southeastasia_prod-s01-064-apac-southeastasia;migrationStage=NotStarted}
{"logTime": "0731/035755", "correlationVector":"W5/WuNMq90MoE6F+P3bOKA","action":"Initial GetUpdates", "result":"", "context":Reason: NEWLY_SUPPORTED_DATATYPE. cV=W5/WuNMq90MoE6F+P3bOKA}
{"logTime": "0731/035756", "correlationVector":"W5/WuNMq90MoE6F+P3bOKA.1","action":"SyncServerConnectionManagerRequest", "result":"SYNC_SERVER_OK", "context":{"environment":"Prod_southeastasia_prod-s01-064-apac-southeastasia", "migrationStage":"NotStarted", "server":"akswtt002000011"}}
{"logTime": "0731/035756", "correlationVector":"W5/WuNMq90MoE6F+P3bOKA.2","action":"ProcessGetUpdates", "result":"Done", "context":{"dataType":"Passwords", "deleted":"0", "process_failed_to_decrypt":"0", "process_pending_decryption":"0", "process_success":"11", "total":"11"}}
{"logTime": "0731/035756", "correlationVector":"W5/WuNMq90MoE6F+P3bOKA.3","action":"ProcessGetUpdates", "result":"Done", "context":{"dataType":"Device Info", "deleted":"0", "process_failed_to_decrypt":"0", "process_pending_decryption":"0", "process_success":"14", "total":"14"}}
{"logTime": "0731/035756", "correlationVector":"W5/WuNMq90MoE6F+P3bOKA.4","action":"GetUpdates Response", "result":"Success", "context":Received 25 update(s). cV=W5/WuNMq90MoE6F+P3bOKA.0;server=akswtt002000011;cloudType=Consumer;environment=Prod_southeastasia_prod-s01-064-apac-southeastasia;migrationStage=NotStarted}
{"logTime": "0731/035756", "correlationVector":"ZhOvd9YecstH1mPm9jTwuA","action":"Initial GetUpdates", "result":"", "context":Reason: NEWLY_SUPPORTED_DATATYPE. cV=ZhOvd9YecstH1mPm9jTwuA}
{"logTime": "0731/035757", "correlationVector":"ZhOvd9YecstH1mPm9jTwuA.1","action":"SyncServerConnectionManagerRequest", "result":"SYNC_SERVER_OK", "context":{"environment":"Prod_southeastasia_prod-s01-064-apac-southeastasia", "migrationStage":"NotStarted", "server":"akswtt002000015"}}
{"logTime": "0731/035757", "correlationVector":"ZhOvd9YecstH1mPm9jTwuA.2","action":"ProcessGetUpdates", "result":"Done", "context":{"dataType":"Bookmarks", "deleted":"0", "process_failed_to_decrypt":"0", "process_pending_decryption":"0", "process_success":"6", "total":"6"}}
{"logTime": "0731/035757", "correlationVector":"ZhOvd9YecstH1mPm9jTwuA.3","action":"ProcessGetUpdates", "result":"Done", "context":{"dataType":"Preferences", "deleted":"1", "process_failed_to_decrypt":"0", "process_pending_decryption":"0", "process_success":"87", "total":"87"}}
{"logTime": "0731/035757", "correlationVector":"ZhOvd9YecstH1mPm9jTwuA.4","action":"ProcessGetUpdates", "result":"Done", "context":{"dataType":"Autofill Profiles", "deleted":"2", "process_failed_to_decrypt":"0", "process_pending_decryption":"0", "process_success":"3", "total":"3"}}
{"logTime": "0731/035757", "correlationVector":"ZhOvd9YecstH1mPm9jTwuA.5","action":"ProcessGetUpdates", "result":"Done", "context":{"dataType":"Autofill", "deleted":"0", "process_failed_to_decrypt":"0", "process_pending_decryption":"0", "process_success":"70", "total":"70"}}
{"logTime": "0731/035757", "correlationVector":"ZhOvd9YecstH1mPm9jTwuA.6","action":"ProcessGetUpdates", "result":"Done", "context":{"dataType":"Sessions", "deleted":"74", "process_failed_to_decrypt":"0", "process_pending_decryption":"0", "process_success":"77", "total":"77"}}
{"logTime": "0731/035757", "correlationVector":"ZhOvd9YecstH1mPm9jTwuA.7","action":"ProcessGetUpdates", "result":"Done", "context":{"dataType":"Edge Hub App Usage", "deleted":"2", "process_failed_to_decrypt":"0", "process_pending_decryption":"0", "process_success":"7", "total":"7"}}
{"logTime": "0731/035757", "correlationVector":"ZhOvd9YecstH1mPm9jTwuA.8","action":"GetUpdates Response", "result":"Success", "context":Received 250 update(s). cV=ZhOvd9YecstH1mPm9jTwuA.0;server=akswtt002000015;cloudType=Consumer;environment=Prod_southeastasia_prod-s01-064-apac-southeastasia;migrationStage=NotStarted Some updates remain.}
{"logTime": "0731/035757", "correlationVector":"ar3H32iaximbobT6mL4+gv","action":"Initial GetUpdates", "result":"", "context":Reason: NEWLY_SUPPORTED_DATATYPE. cV=ar3H32iaximbobT6mL4+gv}
{"logTime": "0731/035757", "correlationVector":"ar3H32iaximbobT6mL4+gv.1","action":"SyncServerConnectionManagerRequest", "result":"SYNC_SERVER_OK", "context":{"environment":"Prod_southeastasia_prod-s01-064-apac-southeastasia", "migrationStage":"NotStarted", "server":"akswtt00200000k"}}
{"logTime": "0731/035757", "correlationVector":"ar3H32iaximbobT6mL4+gv.2","action":"ProcessGetUpdates", "result":"Done", "context":{"dataType":"Sessions", "deleted":"0", "process_failed_to_decrypt":"0", "process_pending_decryption":"0", "process_success":"1", "total":"1"}}
{"logTime": "0731/035757", "correlationVector":"ar3H32iaximbobT6mL4+gv.3","action":"GetUpdates Response", "result":"Success", "context":Received 1 update(s). cV=ar3H32iaximbobT6mL4+gv.0;server=akswtt00200000k;cloudType=Consumer;environment=Prod_southeastasia_prod-s01-064-apac-southeastasia;migrationStage=NotStarted}
{"logTime": "0731/035757", "correlationVector":"AeoZKwHhdcw+orFfuthZVU","action":"Initial GetUpdates", "result":"", "context":Reason: NEWLY_SUPPORTED_DATATYPE. cV=AeoZKwHhdcw+orFfuthZVU}
{"logTime": "0731/035758", "correlationVector":"AeoZKwHhdcw+orFfuthZVU.1","action":"SyncServerConnectionManagerRequest", "result":"SYNC_SERVER_OK", "context":{"environment":"Prod_southeastasia_prod-s01-064-apac-southeastasia", "migrationStage":"NotStarted", "server":"akswtt002000018"}}
{"logTime": "0731/035758", "correlationVector":"AeoZKwHhdcw+orFfuthZVU.2","action":"ProcessGetUpdates", "result":"Done", "context":{"dataType":"History", "deleted":"0", "process_failed_to_decrypt":"0", "process_pending_decryption":"0", "process_success":"250", "total":"250"}}
{"logTime": "0731/035758", "correlationVector":"AeoZKwHhdcw+orFfuthZVU.3","action":"GetUpdates Response", "result":"Success", "context":Received 250 update(s). cV=AeoZKwHhdcw+orFfuthZVU.0;server=akswtt002000018;cloudType=Consumer;environment=Prod_southeastasia_prod-s01-064-apac-southeastasia;migrationStage=NotStarted Some updates remain.}
{"logTime": "0731/035758", "correlationVector":"6//crZNsjtw01HTy56m4G/","action":"Initial GetUpdates", "result":"", "context":Reason: NEWLY_SUPPORTED_DATATYPE. cV=6//crZNsjtw01HTy56m4G/}
{"logTime": "0731/035758", "correlationVector":"6//crZNsjtw01HTy56m4G/.1","action":"SyncServerConnectionManagerRequest", "result":"SYNC_SERVER_OK", "context":{"environment":"Prod_southeastasia_prod-s01-064-apac-southeastasia", "migrationStage":"NotStarted", "server":"akswtt00200001q"}}
{"logTime": "0731/035758", "correlationVector":"6//crZNsjtw01HTy56m4G/.2","action":"ProcessGetUpdates", "result":"Done", "context":{"dataType":"History", "deleted":"0", "process_failed_to_decrypt":"0", "process_pending_decryption":"0", "process_success":"128", "total":"128"}}
{"logTime": "0731/035758", "correlationVector":"6//crZNsjtw01HTy56m4G/.3","action":"GetUpdates Response", "result":"Success", "context":Received 128 update(s). cV=6//crZNsjtw01HTy56m4G/.0;server=akswtt00200001q;cloudType=Consumer;environment=Prod_southeastasia_prod-s01-064-apac-southeastasia;migrationStage=NotStarted}
{"logTime": "0731/035759", "correlationVector":"IJ8LdY+7pihycvj0fxKhB+","action":"Normal GetUpdate request", "result":"", "context":cV=IJ8LdY+7pihycvj0fxKhB+
Nudged types: Sessions, Device Info, User Consents
Refresh requested types: Bookmarks, Preferences, Passwords, Autofill Profiles, Autofill, Extensions, Sessions, Extension settings, History Delete Directives, Device Info, User Consents, Send Tab To Self, Web Apps, History, Saved Tab Group, WebAuthn Credentials, Edge E Drop, Edge Hub App Usage, Edge Workspace, Encryption Keys}
{"logTime": "0731/035800", "correlationVector":"IJ8LdY+7pihycvj0fxKhB+.1","action":"SyncServerConnectionManagerRequest", "result":"SYNC_SERVER_OK", "context":{"environment":"Prod_southeastasia_prod-s01-064-apac-southeastasia", "migrationStage":"NotStarted", "server":"akswtt002000012"}}
{"logTime": "0731/035800", "correlationVector":"IJ8LdY+7pihycvj0fxKhB+.2","action":"GetUpdates Response", "result":"Success", "context":Received 0 update(s). cV=IJ8LdY+7pihycvj0fxKhB+.0;server=akswtt002000012;cloudType=Consumer;environment=Prod_southeastasia_prod-s01-064-apac-southeastasia;migrationStage=NotStarted}
{"logTime": "0731/035800", "correlationVector":"S2tpGvqhr29PxhEuQa5acP","action":"DoCompareDataConsistency requsted types: ", "result":"Bookmarks, Preferences, Passwords, Extensions, Extension settings, History Delete Directives, Send Tab To Self, Web Apps, History, Saved Tab Group, WebAuthn Credentials, Edge E Drop, Edge Workspace, Encryption Keys"}
{"logTime": "0731/035800", "correlationVector":"S2tpGvqhr29PxhEuQa5acP.0","action":"CompareDataConsistency result: ", "result":"Compare result: Encryption Keys is consistent. local entities count is: 1 local entities hash is: bj4ikW7X4FkcTXTUgizcvm6+i1w="}
{"logTime": "0731/035800", "correlationVector":"S2tpGvqhr29PxhEuQa5acP.1","action":"CompareDataConsistency result: ", "result":"Compare result: Bookmarks is consistent. local entities count is: 0 local entities hash is: "}
{"logTime": "0731/035800", "correlationVector":"S2tpGvqhr29PxhEuQa5acP.2","action":"CompareDataConsistency result: ", "result":"Compare result: Preferences is consistent. local entities count is: 86 local entities hash is: HuMy0DxHbT5HwJDfrQLFVOb+kaI="}
{"logTime": "0731/035800", "correlationVector":"S2tpGvqhr29PxhEuQa5acP.3","action":"CompareDataConsistency result: ", "result":"Compare result: Extensions is consistent. local entities count is: 0 local entities hash is: "}
{"logTime": "0731/035800", "correlationVector":"S2tpGvqhr29PxhEuQa5acP.4","action":"CompareDataConsistency result: ", "result":"Compare result: Extension settings is consistent. local entities count is: 0 local entities hash is: "}
{"logTime": "0731/035800", "correlationVector":"S2tpGvqhr29PxhEuQa5acP.5","action":"CompareDataConsistency result: ", "result":"Compare result: History Delete Directives is consistent. local entities count is: 0 local entities hash is: "}
{"logTime": "0731/035800", "correlationVector":"S2tpGvqhr29PxhEuQa5acP.6","action":"CompareDataConsistency result: ", "result":"Server did not send this Send Tab To Self local entities count is: 0 local entities hash is: "}
{"logTime": "0731/035800", "correlationVector":"S2tpGvqhr29PxhEuQa5acP.7","action":"CompareDataConsistency result: ", "result":"Compare result: Web Apps is consistent. local entities count is: 0 local entities hash is: "}
{"logTime": "0731/035800", "correlationVector":"S2tpGvqhr29PxhEuQa5acP.8","action":"CompareDataConsistency result: ", "result":"Server did not send this History local entities count is: 0 local entities hash is: "}
{"logTime": "0731/035800", "correlationVector":"S2tpGvqhr29PxhEuQa5acP.9","action":"CompareDataConsistency result: ", "result":"Compare result: Saved Tab Group is consistent. local entities count is: 0 local entities hash is: "}
{"logTime": "0731/035800", "correlationVector":"S2tpGvqhr29PxhEuQa5acP.10","action":"CompareDataConsistency result: ", "result":"Server did not send this WebAuthn Credentials local entities count is: 0 local entities hash is: "}
{"logTime": "0731/035800", "correlationVector":"S2tpGvqhr29PxhEuQa5acP.11","action":"CompareDataConsistency result: ", "result":"Compare result: Edge E Drop is consistent. local entities count is: 0 local entities hash is: "}
{"logTime": "0731/035800", "correlationVector":"S2tpGvqhr29PxhEuQa5acP.12","action":"CompareDataConsistency result: ", "result":"Server did not send this Edge Workspace local entities count is: 0 local entities hash is: "}
{"logTime": "0731/035800", "correlationVector":"S2tpGvqhr29PxhEuQa5acP.13","action":"CompareDataConsistency result: ", "result":"Compare result: Passwords is consistent. local entities count is: 11 local entities hash is: Y0vyGTbQwC4ihgpBX8itjzlXXbw="}
{"logTime": "0731/035800", "correlationVector":"vuYUbYYdoraX1vCUPKxvzj","action":"Commit Request", "result":"", "context":Item count: 4
Contributing types: Sessions, Device Info, User Consents}
{"logTime": "0731/035801", "correlationVector":"vuYUbYYdoraX1vCUPKxvzj.1","action":"SyncServerConnectionManagerRequest", "result":"SYNC_SERVER_OK", "context":{"environment":"Prod_southeastasia_prod-s01-064-apac-southeastasia", "migrationStage":"NotStarted", "server":"akswtt00200001n"}}
{"logTime": "0731/035801", "correlationVector":"vuYUbYYdoraX1vCUPKxvzj.2","action":"Commit Response", "result":"Success", "context":Result: Success. cV=vuYUbYYdoraX1vCUPKxvzj.0;server=akswtt00200001n;cloudType=Consumer;environment=Prod_southeastasia_prod-s01-064-apac-southeastasia;migrationStage=NotStarted}
{"logTime": "0731/035801", "correlationVector":"","action":"DIAGNOSTIC_REQUEST|v1/diagnosticData/Diagnostic.SendCheckResult()|SUCCESS", "result":""}
